---
source: crates/rustowl/tests/algorithm.rs
expression: output
---

[96m=== Variable 'p' (1/1) in function 'places::cond_partial_move' ===[0m

[2m   1 |[0m [2m// A field moved out on only one branch (compiles).[0m
[2m   2 |[0m [95mfn[0m cond_partial_move[2m([0m[96mc[0m[2m:[0m [93mbool[0m[2m)[0m [2m{[0m
[2m   3 |[0m     [95mlet[0m p = [2m([0m[93mString[0m[2m::[0m[96mnew[0m[2m([0m[2m)[0m[2m,[0m [93mString[0m[2m::[0m[96mnew[0m[2m([0m[2m)[0m[2m)[0m[2m;[0m
[2m     |[0m         [92m-[0m   [92m------------------------------[0m
[2m   4 |[0m     [95mif[0m c [2m{[0m
[2m     |[0m        [92m-[0m
[2m   5 |[0m         [96mdrop[0m[2m([0mp[2m.[0m[96m0[0m[2m)[0m[2m;[0m
[2m     |[0m         [92m----[0m [93m---[0m
[2m   6 |[0m     [2m}[0m
[2m     |[0m     [92m~[0m
[2m   7 |[0m     [96mprintln[0m[96m![0m[2m([0m[92m"{}"[0m[2m,[0m p[2m.[0m[96m1[0m[2m)[0m[2m;[0m
[2m     |[0m     [96m-------------------[0m
[2m   8 |[0m [2m}[0m
[2m   9 |[0m 

[96mLegend:[0m
  [92m---[0m definitely live (lifetime)
  [92m~~~[0m maybe live
  [96m---[0m immutable borrow
  [38;5;177m---[0m mutable borrow
  [93m---[0m move / call
  [91m~~~[0m outlive / shared mutable
