---
source: tests/algorithm.rs
expression: output
---

[96m=== Variable 'a' (1/1) in function 'must_live::move_while_borrowed' ===[0m

[2m  89 |[0m [2m// The borrowed variable is moved while borrowed (does not compile).[0m
[2m  90 |[0m [95mfn[0m move_while_borrowed[2m([0m[2m)[0m [2m{[0m
[2m  91 |[0m     [95mlet[0m a = [93mString[0m[2m::[0m[96mfrom[0m[2m([0m[92m"a"[0m[2m)[0m[2m;[0m
[2m     |[0m         [92m-[0m   [93m-----------------[0m
[2m  92 |[0m     [95mlet[0m r = [95m&[0ma[2m;[0m
[2m     |[0m         [92m-[0m   [96m--[0m
[2m  93 |[0m     [95mlet[0m b = a[2m;[0m
[2m     |[0m         [92m-[0m   [93m-[0m
[2m  94 |[0m     [96mprintln[0m[96m![0m[2m([0m[92m"{r} {b}"[0m[2m)[0m[2m;[0m
[2m     |[0m     [91m~~~~~~~~~~~~~~~~~~~[0m
[2m  95 |[0m [2m}[0m
[2m  96 |[0m 

[96mLegend:[0m
  [92m---[0m definitely live (lifetime)
  [92m~~~[0m maybe live
  [96m---[0m immutable borrow
  [38;5;177m---[0m mutable borrow
  [93m---[0m move / call
  [91m~~~[0m outlive / shared mutable
